   ▲ Next.js 15.5.9

   Creating an optimized production build ...
 ✓ Compiled successfully in 3.6s
   Linting and checking validity of types ...
   Collecting page data ...
   Generating static pages (0/4) ...
   Generating static pages (1/4) 
   Generating static pages (2/4) 
   Generating static pages (3/4) 
 ✓ Generating static pages (4/4)
   Finalizing page optimization ...
   Collecting build traces ...
   Exporting (0/2) ...
 ✓ Exporting (2/2)

Route (app)                                 Size  First Load JS
┌ ○ /                                      53 kB         155 kB
└ ○ /_not-found                            990 B         103 kB
+ First Load JS shared by all             102 kB
  ├ chunks/466-378b9c192d4536bc.js       45.9 kB
  ├ chunks/6b4f69b7-aceb2c17a67b6427.js  54.2 kB
  └ other shared chunks (total)           1.9 kB


○  (Static)  prerendered as static content

